[    0.000000] Linux version 6.1.12-gentoo-dist (root@pomiot) (x86_64-pc-linux-gnu-gcc (Gentoo 12.2.1_p20230121-r1 p10) 12.2.1 20230121, GNU ld (Gentoo 2.39 p5) 2.39.0) #1 SMP PREEMPT_DYNAMIC Tue Feb 14 20:27:19 -00 2023
[    0.000000] Command line: initrd=\initramfs.img rd.vconsole.keymap=uk root=UUID=2b0a67b2-064f-4812-abe9-35a3e792920e
[    0.000000] x86/fpu: Supporting XSAVE feature 0x001: 'x87 floating point registers'
[    0.000000] x86/fpu: Supporting XSAVE feature 0x002: 'SSE registers'
[    0.000000] x86/fpu: Supporting XSAVE feature 0x004: 'AVX registers'
[    0.000000] x86/fpu: xstate_offset[2]:  576, xstate_sizes[2]:  256
[    0.000000] x86/fpu: Enabled xstate features 0x7, context size is 832 bytes, using 'standard' format.
[    0.000000] signal: max sigframe size: 1776
[    0.000000] BIOS-provided physical RAM map:
[    0.000000] BIOS-e820: [mem 0x0000000000000000-0x0000000000057fff] usable
[    0.000000] BIOS-e820: [mem 0x0000000000058000-0x0000000000058fff] reserved
[    0.000000] BIOS-e820: [mem 0x0000000000059000-0x000000000009efff] usable
[    0.000000] BIOS-e820: [mem 0x000000000009f000-0x000000000009ffff] reserved
[    0.000000] BIOS-e820: [mem 0x0000000000100000-0x00000000af6fbfff] usable
[    0.000000] BIOS-e820: [mem 0x00000000af6fc000-0x00000000af702fff] ACPI NVS
[    0.000000] BIOS-e820: [mem 0x00000000af703000-0x00000000afb95fff] usable
[    0.000000] BIOS-e820: [mem 0x00000000afb96000-0x00000000b00a6fff] reserved
[    0.000000] BIOS-e820: [mem 0x00000000b00a7000-0x00000000c84e0fff] usable
[    0.000000] BIOS-e820: [mem 0x00000000c84e1000-0x00000000c856afff] reserved
[    0.000000] BIOS-e820: [mem 0x00000000c856b000-0x00000000c8583fff] ACPI data
[    0.000000] BIOS-e820: [mem 0x00000000c8584000-0x00000000c8abdfff] ACPI NVS
[    0.000000] BIOS-e820: [mem 0x00000000c8abe000-0x00000000c9ffefff] reserved
[    0.000000] BIOS-e820: [mem 0x00000000c9fff000-0x00000000c9ffffff] usable
[    0.000000] BIOS-e820: [mem 0x00000000cb000000-0x00000000cf1fffff] reserved
[    0.000000] BIOS-e820: [mem 0x00000000f8000000-0x00000000fbffffff] reserved
[    0.000000] BIOS-e820: [mem 0x00000000fec00000-0x00000000fec00fff] reserved
[    0.000000] BIOS-e820: [mem 0x00000000fed00000-0x00000000fed03fff] reserved
[    0.000000] BIOS-e820: [mem 0x00000000fed1c000-0x00000000fed1ffff] reserved
[    0.000000] BIOS-e820: [mem 0x00000000fee00000-0x00000000fee00fff] reserved
[    0.000000] BIOS-e820: [mem 0x00000000ff000000-0x00000000ffffffff] reserved
[    0.000000] BIOS-e820: [mem 0x0000000100000000-0x000000042fdfffff] usable
[    0.000000] NX (Execute Disable) protection: active
[    0.000000] e820: update [mem 0xaf6ec018-0xaf6fb457] usable ==> usable
[    0.000000] e820: update [mem 0xaf6ec018-0xaf6fb457] usable ==> usable
[    0.000000] e820: update [mem 0xaf6db018-0xaf6eb057] usable ==> usable
[    0.000000] e820: update [mem 0xaf6db018-0xaf6eb057] usable ==> usable
[    0.000000] e820: update [mem 0xaf6cd018-0xaf6da057] usable ==> usable
[    0.000000] e820: update [mem 0xaf6cd018-0xaf6da057] usable ==> usable
[    0.000000] extended physical RAM map:
[    0.000000] reserve setup_data: [mem 0x0000000000000000-0x0000000000057fff] usable
[    0.000000] reserve setup_data: [mem 0x0000000000058000-0x0000000000058fff] reserved
[    0.000000] reserve setup_data: [mem 0x0000000000059000-0x000000000009efff] usable
[    0.000000] reserve setup_data: [mem 0x000000000009f000-0x000000000009ffff] reserved
[    0.000000] reserve setup_data: [mem 0x0000000000100000-0x00000000af6cd017] usable
[    0.000000] reserve setup_data: [mem 0x00000000af6cd018-0x00000000af6da057] usable
[    0.000000] reserve setup_data: [mem 0x00000000af6da058-0x00000000af6db017] usable
[    0.000000] reserve setup_data: [mem 0x00000000af6db018-0x00000000af6eb057] usable
[    0.000000] reserve setup_data: [mem 0x00000000af6eb058-0x00000000af6ec017] usable
[    0.000000] reserve setup_data: [mem 0x00000000af6ec018-0x00000000af6fb457] usable
[    0.000000] reserve setup_data: [mem 0x00000000af6fb458-0x00000000af6fbfff] usable
[    0.000000] reserve setup_data: [mem 0x00000000af6fc000-0x00000000af702fff] ACPI NVS
[    0.000000] reserve setup_data: [mem 0x00000000af703000-0x00000000afb95fff] usable
[    0.000000] reserve setup_data: [mem 0x00000000afb96000-0x00000000b00a6fff] reserved
[    0.000000] reserve setup_data: [mem 0x00000000b00a7000-0x00000000c84e0fff] usable
[    0.000000] reserve setup_data: [mem 0x00000000c84e1000-0x00000000c856afff] reserved
[    0.000000] reserve setup_data: [mem 0x00000000c856b000-0x00000000c8583fff] ACPI data
[    0.000000] reserve setup_data: [mem 0x00000000c8584000-0x00000000c8abdfff] ACPI NVS
[    0.000000] reserve setup_data: [mem 0x00000000c8abe000-0x00000000c9ffefff] reserved
[    0.000000] reserve setup_data: [mem 0x00000000c9fff000-0x00000000c9ffffff] usable
[    0.000000] reserve setup_data: [mem 0x00000000cb000000-0x00000000cf1fffff] reserved
[    0.000000] reserve setup_data: [mem 0x00000000f8000000-0x00000000fbffffff] reserved
[    0.000000] reserve setup_data: [mem 0x00000000fec00000-0x00000000fec00fff] reserved
[    0.000000] reserve setup_data: [mem 0x00000000fed00000-0x00000000fed03fff] reserved
[    0.000000] reserve setup_data: [mem 0x00000000fed1c000-0x00000000fed1ffff] reserved
[    0.000000] reserve setup_data: [mem 0x00000000fee00000-0x00000000fee00fff] reserved
[    0.000000] reserve setup_data: [mem 0x00000000ff000000-0x00000000ffffffff] reserved
[    0.000000] reserve setup_data: [mem 0x0000000100000000-0x000000042fdfffff] usable
[    0.000000] efi: EFI v2.31 by American Megatrends
[    0.000000] efi: ESRT=0xc9f53898 ACPI=0xc8570000 ACPI 2.0=0xc8570000 SMBIOS=0xf04c0 INITRD=0xb00c3f98 
[    0.000000] SMBIOS 2.7 present.
[    0.000000] DMI: ASUS All Series/H81M-C, BIOS 3501 10/21/2016
[    0.000000] tsc: Fast TSC calibration using PIT
[    0.000000] tsc: Detected 3192.838 MHz processor
[    0.000639] e820: update [mem 0x00000000-0x00000fff] usable ==> reserved
[    0.000641] e820: remove [mem 0x000a0000-0x000fffff] usable
[    0.000651] last_pfn = 0x42fe00 max_arch_pfn = 0x400000000
[    0.000739] x86/PAT: Configuration [0-7]: WB  WC  UC- UC  WB  WP  UC- WT  
[    0.001142] e820: update [mem 0xcb000000-0xffffffff] usable ==> reserved
[    0.001146] last_pfn = 0xca000 max_arch_pfn = 0x400000000
[    0.008183] found SMP MP-table at [mem 0x000fd780-0x000fd78f]
[    0.008193] esrt: Reserving ESRT space from 0x00000000c9f53898 to 0x00000000c9f538d0.
[    0.008219] Using GB pages for direct mapping
[    0.009042] Secure boot disabled
[    0.009043] RAMDISK: [mem 0x7e8f9000-0x7fffffff]
[    0.009045] ACPI: Early table checksum verification disabled
[    0.009048] ACPI: RSDP 0x00000000C8570000 000024 (v02 ALASKA)
[    0.009051] ACPI: XSDT 0x00000000C8570080 000074 (v01 ALASKA A M I    01072009 AMI  00010013)
[    0.009056] ACPI: FACP 0x00000000C857EB60 00010C (v05 ALASKA A M I    01072009 AMI  00010013)
[    0.009060] ACPI: DSDT 0x00000000C8570188 00E9D6 (v02 ALASKA A M I    00000031 INTL 20091112)
[    0.009063] ACPI: FACS 0x00000000C8ABC080 000040
[    0.009065] ACPI: APIC 0x00000000C857EC70 000072 (v03 ALASKA A M I    01072009 AMI  00010013)
[    0.009067] ACPI: FPDT 0x00000000C857ECE8 000044 (v01 ALASKA A M I    01072009 AMI  00010013)
[    0.009070] ACPI: LPIT 0x00000000C857ED30 00005C (v01 ALASKA A M I    00000000 AMI. 00000005)
[    0.009072] ACPI: SSDT 0x00000000C857ED90 000539 (v01 PmRef  Cpu0Ist  00003000 INTL 20091112)
[    0.009075] ACPI: SSDT 0x00000000C857F2D0 000AD8 (v01 PmRef  CpuPm    00003000 INTL 20091112)
[    0.009077] ACPI: MCFG 0x00000000C857FDA8 00003C (v01 ALASKA A M I    01072009 MSFT 00000097)
[    0.009080] ACPI: HPET 0x00000000C857FDE8 000038 (v01 ALASKA A M I    01072009 AMI. 00000005)
[    0.009082] ACPI: SSDT 0x00000000C857FE20 00036D (v01 SataRe SataTabl 00001000 INTL 20091112)
[    0.009085] ACPI: SSDT 0x00000000C8580190 0034E1 (v01 SaSsdt SaSsdt   00003000 INTL 20091112)
[    0.009087] ACPI: Reserving FACP table memory at [mem 0xc857eb60-0xc857ec6b]
[    0.009088] ACPI: Reserving DSDT table memory at [mem 0xc8570188-0xc857eb5d]
[    0.009089] ACPI: Reserving FACS table memory at [mem 0xc8abc080-0xc8abc0bf]
[    0.009090] ACPI: Reserving APIC table memory at [mem 0xc857ec70-0xc857ece1]
[    0.009091] ACPI: Reserving FPDT table memory at [mem 0xc857ece8-0xc857ed2b]
[    0.009092] ACPI: Reserving LPIT table memory at [mem 0xc857ed30-0xc857ed8b]
[    0.009093] ACPI: Reserving SSDT table memory at [mem 0xc857ed90-0xc857f2c8]
[    0.009094] ACPI: Reserving SSDT table memory at [mem 0xc857f2d0-0xc857fda7]
[    0.009095] ACPI: Reserving MCFG table memory at [mem 0xc857fda8-0xc857fde3]
[    0.009096] ACPI: Reserving HPET table memory at [mem 0xc857fde8-0xc857fe1f]
[    0.009098] ACPI: Reserving SSDT table memory at [mem 0xc857fe20-0xc858018c]
[    0.009099] ACPI: Reserving SSDT table memory at [mem 0xc8580190-0xc8583670]
[    0.009146] No NUMA configuration found
[    0.009146] Faking a node at [mem 0x0000000000000000-0x000000042fdfffff]
[    0.009156] NODE_DATA(0) allocated [mem 0x42fdd5000-0x42fdfffff]
[    0.009203] Zone ranges:
[    0.009203]   DMA      [mem 0x0000000000001000-0x0000000000ffffff]
[    0.009205]   DMA32    [mem 0x0000000001000000-0x00000000ffffffff]
[    0.009206]   Normal   [mem 0x0000000100000000-0x000000042fdfffff]
[    0.009208]   Device   empty
[    0.009209] Movable zone start for each node
[    0.009211] Early memory node ranges
[    0.009211]   node   0: [mem 0x0000000000001000-0x0000000000057fff]
[    0.009213]   node   0: [mem 0x0000000000059000-0x000000000009efff]
[    0.009214]   node   0: [mem 0x0000000000100000-0x00000000af6fbfff]
[    0.009215]   node   0: [mem 0x00000000af703000-0x00000000afb95fff]
[    0.009216]   node   0: [mem 0x00000000b00a7000-0x00000000c84e0fff]
[    0.009216]   node   0: [mem 0x00000000c9fff000-0x00000000c9ffffff]
[    0.009217]   node   0: [mem 0x0000000100000000-0x000000042fdfffff]
[    0.009219] Initmem setup node 0 [mem 0x0000000000001000-0x000000042fdfffff]
[    0.009223] On node 0, zone DMA: 1 pages in unavailable ranges
[    0.009225] On node 0, zone DMA: 1 pages in unavailable ranges
[    0.009251] On node 0, zone DMA: 97 pages in unavailable ranges
[    0.013724] On node 0, zone DMA32: 7 pages in unavailable ranges
[    0.014360] On node 0, zone DMA32: 1297 pages in unavailable ranges
[    0.014422] On node 0, zone DMA32: 6942 pages in unavailable ranges
[    0.035900] On node 0, zone Normal: 24576 pages in unavailable ranges
[    0.035907] On node 0, zone Normal: 512 pages in unavailable ranges
[    0.036090] ACPI: PM-Timer IO Port: 0x1808
[    0.036097] ACPI: LAPIC_NMI (acpi_id[0xff] high edge lint[0x1])
[    0.036106] IOAPIC[0]: apic_id 8, version 32, address 0xfec00000, GSI 0-23
[    0.036108] ACPI: INT_SRC_OVR (bus 0 bus_irq 0 global_irq 2 dfl dfl)
[    0.036110] ACPI: INT_SRC_OVR (bus 0 bus_irq 9 global_irq 9 high level)
[    0.036113] ACPI: Using ACPI (MADT) for SMP configuration information
[    0.036114] ACPI: HPET id: 0x8086a701 base: 0xfed00000
[    0.036119] [Firmware Bug]: TSC_DEADLINE disabled due to Errata; please update microcode to version: 0x22 (or later)
[    0.036120] smpboot: Allowing 4 CPUs, 0 hotplug CPUs
[    0.036145] PM: hibernation: Registered nosave memory: [mem 0x00000000-0x00000fff]
[    0.036147] PM: hibernation: Registered nosave memory: [mem 0x00058000-0x00058fff]
[    0.036149] PM: hibernation: Registered nosave memory: [mem 0x0009f000-0x0009ffff]
[    0.036150] PM: hibernation: Registered nosave memory: [mem 0x000a0000-0x000fffff]
[    0.036151] PM: hibernation: Registered nosave memory: [mem 0xaf6cd000-0xaf6cdfff]
[    0.036153] PM: hibernation: Registered nosave memory: [mem 0xaf6da000-0xaf6dafff]
[    0.036154] PM: hibernation: Registered nosave memory: [mem 0xaf6db000-0xaf6dbfff]
[    0.036155] PM: hibernation: Registered nosave memory: [mem 0xaf6eb000-0xaf6ebfff]
[    0.036156] PM: hibernation: Registered nosave memory: [mem 0xaf6ec000-0xaf6ecfff]
[    0.036158] PM: hibernation: Registered nosave memory: [mem 0xaf6fb000-0xaf6fbfff]
[    0.036158] PM: hibernation: Registered nosave memory: [mem 0xaf6fc000-0xaf702fff]
[    0.036160] PM: hibernation: Registered nosave memory: [mem 0xafb96000-0xb00a6fff]
[    0.036162] PM: hibernation: Registered nosave memory: [mem 0xc84e1000-0xc856afff]
[    0.036163] PM: hibernation: Registered nosave memory: [mem 0xc856b000-0xc8583fff]
[    0.036163] PM: hibernation: Registered nosave memory: [mem 0xc8584000-0xc8abdfff]
[    0.036164] PM: hibernation: Registered nosave memory: [mem 0xc8abe000-0xc9ffefff]
[    0.036166] PM: hibernation: Registered nosave memory: [mem 0xca000000-0xcaffffff]
[    0.036166] PM: hibernation: Registered nosave memory: [mem 0xcb000000-0xcf1fffff]
[    0.036167] PM: hibernation: Registered nosave memory: [mem 0xcf200000-0xf7ffffff]
[    0.036167] PM: hibernation: Registered nosave memory: [mem 0xf8000000-0xfbffffff]
[    0.036168] PM: hibernation: Registered nosave memory: [mem 0xfc000000-0xfebfffff]
[    0.036169] PM: hibernation: Registered nosave memory: [mem 0xfec00000-0xfec00fff]
[    0.036169] PM: hibernation: Registered nosave memory: [mem 0xfec01000-0xfecfffff]
[    0.036170] PM: hibernation: Registered nosave memory: [mem 0xfed00000-0xfed03fff]
[    0.036170] PM: hibernation: Registered nosave memory: [mem 0xfed04000-0xfed1bfff]
[    0.036171] PM: hibernation: Registered nosave memory: [mem 0xfed1c000-0xfed1ffff]
[    0.036172] PM: hibernation: Registered nosave memory: [mem 0xfed20000-0xfedfffff]
[    0.036172] PM: hibernation: Registered nosave memory: [mem 0xfee00000-0xfee00fff]
[    0.036173] PM: hibernation: Registered nosave memory: [mem 0xfee01000-0xfeffffff]
[    0.036174] PM: hibernation: Registered nosave memory: [mem 0xff000000-0xffffffff]
[    0.036175] [mem 0xcf200000-0xf7ffffff] available for PCI devices
[    0.036177] Booting paravirtualized kernel on bare hardware
[    0.036179] clocksource: refined-jiffies: mask: 0xffffffff max_cycles: 0xffffffff, max_idle_ns: 6370452778343963 ns
[    0.040893] setup_percpu: NR_CPUS:512 nr_cpumask_bits:4 nr_cpu_ids:4 nr_node_ids:1
[    0.041029] percpu: Embedded 63 pages/cpu s221184 r8192 d28672 u524288
[    0.041036] pcpu-alloc: s221184 r8192 d28672 u524288 alloc=1*2097152
[    0.041038] pcpu-alloc: [0] 0 1 2 3 
[    0.041060] Fallback order for Node 0: 0 
[    0.041063] Built 1 zonelists, mobility grouping on.  Total pages: 4095698
[    0.041064] Policy zone: Normal
[    0.041065] Kernel command line: initrd=\initramfs.img rd.vconsole.keymap=uk root=UUID=2b0a67b2-064f-4812-abe9-35a3e792920e
[    0.041125] random: crng init done
[    0.041808] Dentry cache hash table entries: 2097152 (order: 12, 16777216 bytes, linear)
[    0.042152] Inode-cache hash table entries: 1048576 (order: 11, 8388608 bytes, linear)
[    0.042280] mem auto-init: stack:all(zero), heap alloc:off, heap free:off
[    0.042284] software IO TLB: area num 4.
[    0.088575] Memory: 15992988K/16643484K available (16393K kernel code, 2903K rwdata, 5448K rodata, 2748K init, 5360K bss, 650236K reserved, 0K cma-reserved)
[    0.088679] SLUB: HWalign=64, Order=0-3, MinObjects=0, CPUs=4, Nodes=1
[    0.088689] Kernel/User page tables isolation: enabled
[    0.088701] ftrace: allocating 50785 entries in 199 pages
[    0.096148] ftrace: allocated 199 pages with 5 groups
[    0.096851] Dynamic Preempt: voluntary
[    0.096874] rcu: Preemptible hierarchical RCU implementation.
[    0.096874] rcu: 	RCU restricting CPUs from NR_CPUS=512 to nr_cpu_ids=4.
[    0.096876] 	Trampoline variant of Tasks RCU enabled.
[    0.096876] 	Rude variant of Tasks RCU enabled.
[    0.096876] 	Tracing variant of Tasks RCU enabled.
[    0.096877] rcu: RCU calculated value of scheduler-enlistment delay is 30 jiffies.
[    0.096878] rcu: Adjusting geometry for rcu_fanout_leaf=16, nr_cpu_ids=4
[    0.100979] NR_IRQS: 33024, nr_irqs: 456, preallocated irqs: 16
[    0.101145] rcu: srcu_init: Setting srcu_struct sizes based on contention.
[    0.101241] kfence: initialized - using 2097152 bytes for 255 objects at 0x(____ptrval____)-0x(____ptrval____)
[    0.101261] Console: colour dummy device 80x25
[    0.101536] printk: console [tty0] enabled
[    0.101552] ACPI: Core revision 20220331
[    0.101647] clocksource: hpet: mask: 0xffffffff max_cycles: 0xffffffff, max_idle_ns: 133484882848 ns
[    0.101660] APIC: Switch to symmetric I/O mode setup
[    0.102043] ..TIMER: vector=0x30 apic1=0 pin1=2 apic2=-1 pin2=-1
[    0.118327] clocksource: tsc-early: mask: 0xffffffffffffffff max_cycles: 0x2e05dc2040e, max_idle_ns: 440795288738 ns
[    0.118332] Calibrating delay loop (skipped), value calculated using timer frequency.. 6388.74 BogoMIPS (lpj=10642793)
[    0.118337] pid_max: default: 32768 minimum: 301
[    0.123797] LSM: Security Framework initializing
[    0.123804] Yama: becoming mindful.
[    0.123847] Mount-cache hash table entries: 32768 (order: 6, 262144 bytes, linear)
[    0.123876] Mountpoint-cache hash table entries: 32768 (order: 6, 262144 bytes, linear)
[    0.124060] CPU0: Thermal monitoring enabled (TM1)
[    0.124081] process: using mwait in idle threads
[    0.124084] Last level iTLB entries: 4KB 1024, 2MB 1024, 4MB 1024
[    0.124086] Last level dTLB entries: 4KB 1024, 2MB 1024, 4MB 1024, 1GB 4
[    0.124091] Spectre V1 : Mitigation: usercopy/swapgs barriers and __user pointer sanitization
[    0.124095] Spectre V2 : Mitigation: Retpolines
[    0.124096] Spectre V2 : Spectre v2 / SpectreRSB mitigation: Filling RSB on context switch
[    0.124099] Spectre V2 : Spectre v2 / SpectreRSB : Filling RSB on VMEXIT
[    0.124101] Speculative Store Bypass: Vulnerable
[    0.124104] MDS: Vulnerable: Clear CPU buffers attempted, no microcode
[    0.124106] MMIO Stale Data: Unknown: No mitigations
[    0.124108] SRBDS: Vulnerable: No microcode
[    0.138229] Freeing SMP alternatives memory: 48K
[    0.246106] smpboot: CPU0: Intel(R) Core(TM) i3-4360T CPU @ 3.20GHz (family: 0x6, model: 0x3c, stepping: 0x3)
[    0.246211] cblist_init_generic: Setting adjustable number of callback queues.
[    0.246214] cblist_init_generic: Setting shift to 2 and lim to 1.
[    0.246225] cblist_init_generic: Setting shift to 2 and lim to 1.
[    0.246235] cblist_init_generic: Setting shift to 2 and lim to 1.
[    0.246245] Performance Events: PEBS fmt2+, Haswell events, 16-deep LBR, full-width counters, Intel PMU driver.
[    0.246277] ... version:                3
[    0.246278] ... bit width:              48
[    0.246280] ... generic registers:      4
[    0.246281] ... value mask:             0000ffffffffffff
[    0.246283] ... max period:             00007fffffffffff
[    0.246284] ... fixed-purpose events:   3
[    0.246286] ... event mask:             000000070000000f
[    0.246403] Estimated ratio of average max frequency by base frequency (times 1024): 1024
[    0.246420] rcu: Hierarchical SRCU implementation.
[    0.246422] rcu: 	Max phase no-delay instances is 1000.
[    0.246724] smp: Bringing up secondary CPUs ...
[    0.246785] x86: Booting SMP configuration:
[    0.246787] .... node  #0, CPUs:      #1 #2
[    0.247106] MDS CPU bug present and SMT on, data leak possible. See https://www.kernel.org/doc/html/latest/admin-guide/hw-vuln/mds.html for more details.
[    0.247106]  #3
[    0.247106] smp: Brought up 1 node, 4 CPUs
[    0.247106] smpboot: Max logical packages: 1
[    0.247106] smpboot: Total of 4 processors activated (25552.98 BogoMIPS)
[    0.248360] devtmpfs: initialized
[    0.248381] x86/mm: Memory block size: 128MB
[    0.249179] ACPI: PM: Registering ACPI NVS region [mem 0xaf6fc000-0xaf702fff] (28672 bytes)
[    0.249179] ACPI: PM: Registering ACPI NVS region [mem 0xc8584000-0xc8abdfff] (5480448 bytes)
[    0.249179] clocksource: jiffies: mask: 0xffffffff max_cycles: 0xffffffff, max_idle_ns: 6370867519511994 ns
[    0.249179] futex hash table entries: 1024 (order: 4, 65536 bytes, linear)
[    0.249179] pinctrl core: initialized pinctrl subsystem
[    0.249179] PM: RTC time: 16:47:07, date: 2023-03-06
[    0.249179] NET: Registered PF_NETLINK/PF_ROUTE protocol family
[    0.249179] DMA: preallocated 2048 KiB GFP_KERNEL pool for atomic allocations
[    0.249179] DMA: preallocated 2048 KiB GFP_KERNEL|GFP_DMA pool for atomic allocations
[    0.249179] DMA: preallocated 2048 KiB GFP_KERNEL|GFP_DMA32 pool for atomic allocations
[    0.249179] audit: initializing netlink subsys (disabled)
[    0.249179] audit: type=2000 audit(1678121227.146:1): state=initialized audit_enabled=0 res=1
[    0.249179] thermal_sys: Registered thermal governor 'fair_share'
[    0.249179] thermal_sys: Registered thermal governor 'bang_bang'
[    0.249179] thermal_sys: Registered thermal governor 'step_wise'
[    0.249179] thermal_sys: Registered thermal governor 'user_space'
[    0.249179] cpuidle: using governor menu
[    0.249179] ACPI FADT declares the system doesn't support PCIe ASPM, so disable it
[    0.249179] acpiphp: ACPI Hot Plug PCI Controller Driver version: 0.5
[    0.249179] PCI: MMCONFIG for domain 0000 [bus 00-3f] at [mem 0xf8000000-0xfbffffff] (base 0xf8000000)
[    0.249179] PCI: MMCONFIG at [mem 0xf8000000-0xfbffffff] reserved in E820
[    0.249179] pmd_set_huge: Cannot satisfy [mem 0xf8000000-0xf8200000] with a huge-page mapping due to MTRR override.
[    0.249179] PCI: Using configuration type 1 for base access
[    0.249179] core: PMU erratum BJ122, BV98, HSD29 worked around, HT is on
[    0.249179] ENERGY_PERF_BIAS: Set to 'normal', was 'performance'
[    0.249535] kprobes: kprobe jump-optimization is enabled. All kprobes are optimized if possible.
[    0.251692] HugeTLB: registered 1.00 GiB page size, pre-allocated 0 pages
[    0.251692] HugeTLB: 16380 KiB vmemmap can be freed for a 1.00 GiB page
[    0.251692] HugeTLB: registered 2.00 MiB page size, pre-allocated 0 pages
[    0.251692] HugeTLB: 28 KiB vmemmap can be freed for a 2.00 MiB page
[    0.251855] cryptd: max_cpu_qlen set to 1000
[    0.251855] raid6: skipped pq benchmark and selected avx2x4
[    0.251855] raid6: using avx2x2 recovery algorithm
[    0.251855] fbcon: Taking over console
[    0.251855] ACPI: Added _OSI(Module Device)
[    0.251855] ACPI: Added _OSI(Processor Device)
[    0.251855] ACPI: Added _OSI(3.0 _SCP Extensions)
[    0.251855] ACPI: Added _OSI(Processor Aggregator Device)
[    0.258964] ACPI: 5 ACPI AML tables successfully acquired and loaded
[    0.259695] ACPI: [Firmware Bug]: BIOS _OSI(Linux) query ignored
[    0.278594] ACPI: Dynamic OEM Table Load:
[    0.278600] ACPI: SSDT 0xFFFF8D9D00A3EC00 0003D3 (v01 PmRef  Cpu0Cst  00003001 INTL 20091112)
[    0.279094] ACPI: Dynamic OEM Table Load:
[    0.279099] ACPI: SSDT 0xFFFF8D9D009EA000 0005AA (v01 PmRef  ApIst    00003000 INTL 20091112)
[    0.279109] ACPI: Dynamic OEM Table Load:
[    0.279109] ACPI: SSDT 0xFFFF8D9D009AF200 000119 (v01 PmRef  ApCst    00003000 INTL 20091112)
[    0.279869] ACPI: Interpreter enabled
[    0.279894] ACPI: PM: (supports S0 S3 S4 S5)
[    0.279895] ACPI: Using IOAPIC for interrupt routing
[    0.279917] PCI: Using host bridge windows from ACPI; if necessary, use "pci=nocrs" and report a bug
[    0.279920] PCI: Using E820 reservations for host bridge windows
[    0.280174] ACPI: Enabled 10 GPEs in block 00 to 3F
[    0.287048] ACPI: PM: Power Resource [FN00]
[    0.287095] ACPI: PM: Power Resource [FN01]
[    0.287138] ACPI: PM: Power Resource [FN02]
[    0.287182] ACPI: PM: Power Resource [FN03]
[    0.287225] ACPI: PM: Power Resource [FN04]
[    0.287747] ACPI: PCI Root Bridge [PCI0] (domain 0000 [bus 00-3e])
[    0.287754] acpi PNP0A08:00: _OSC: OS supports [ExtendedConfig ASPM ClockPM Segments MSI EDR HPX-Type3]
[    0.287862] acpi PNP0A08:00: _OSC: platform does not support [PCIeHotplug SHPCHotplug PME]
[    0.287959] acpi PNP0A08:00: _OSC: OS now controls [AER PCIeCapability LTR DPC]
[    0.287961] acpi PNP0A08:00: FADT indicates ASPM is unsupported, using BIOS configuration
[    0.288343] PCI host bridge to bus 0000:00
[    0.288346] pci_bus 0000:00: root bus resource [io  0x0000-0x0cf7 window]
[    0.288349] pci_bus 0000:00: root bus resource [io  0x0d00-0xffff window]
[    0.288351] pci_bus 0000:00: root bus resource [mem 0x000a0000-0x000bffff window]
[    0.288353] pci_bus 0000:00: root bus resource [mem 0x000d0000-0x000dffff window]
[    0.288356] pci_bus 0000:00: root bus resource [mem 0xcf200000-0xfeafffff window]
[    0.288358] pci_bus 0000:00: root bus resource [bus 00-3e]
[    0.288371] pci 0000:00:00.0: [8086:0c00] type 00 class 0x060000
[    0.288426] pci 0000:00:01.0: [8086:0c01] type 01 class 0x060400
[    0.288458] pci 0000:00:01.0: PME# supported from D0 D3hot D3cold
[    0.288656] pci 0000:00:02.0: [8086:0412] type 00 class 0x038000
[    0.288665] pci 0000:00:02.0: reg 0x10: [mem 0xf7400000-0xf77fffff 64bit]
[    0.288671] pci 0000:00:02.0: reg 0x18: [mem 0xd0000000-0xdfffffff 64bit pref]
[    0.288676] pci 0000:00:02.0: reg 0x20: [io  0xf000-0xf03f]
[    0.288768] pci 0000:00:14.0: [8086:8c31] type 00 class 0x0c0330
[    0.288784] pci 0000:00:14.0: reg 0x10: [mem 0xf7a00000-0xf7a0ffff 64bit]
[    0.288836] pci 0000:00:14.0: PME# supported from D3hot D3cold
[    0.288912] pci 0000:00:16.0: [8086:8c3a] type 00 class 0x078000
[    0.288928] pci 0000:00:16.0: reg 0x10: [mem 0xf7a1a000-0xf7a1a00f 64bit]
[    0.288982] pci 0000:00:16.0: PME# supported from D0 D3hot D3cold
[    0.289032] pci 0000:00:1a.0: [8086:8c2d] type 00 class 0x0c0320
[    0.289047] pci 0000:00:1a.0: reg 0x10: [mem 0xf7a18000-0xf7a183ff]
[    0.289121] pci 0000:00:1a.0: PME# supported from D0 D3hot D3cold
[    0.289185] pci 0000:00:1b.0: [8086:8c20] type 00 class 0x040300
[    0.289200] pci 0000:00:1b.0: reg 0x10: [mem 0xf7a10000-0xf7a13fff 64bit]
[    0.289256] pci 0000:00:1b.0: PME# supported from D0 D3hot D3cold
[    0.289320] pci 0000:00:1c.0: [8086:8c10] type 01 class 0x060400
[    0.289387] pci 0000:00:1c.0: PME# supported from D0 D3hot D3cold
[    0.289579] pci 0000:00:1c.1: [8086:8c12] type 01 class 0x060400
[    0.289646] pci 0000:00:1c.1: PME# supported from D0 D3hot D3cold
[    0.289835] pci 0000:00:1c.2: [8086:8c14] type 01 class 0x060400
[    0.289902] pci 0000:00:1c.2: PME# supported from D0 D3hot D3cold
[    0.290097] pci 0000:00:1d.0: [8086:8c26] type 00 class 0x0c0320
[    0.290113] pci 0000:00:1d.0: reg 0x10: [mem 0xf7a17000-0xf7a173ff]
[    0.290188] pci 0000:00:1d.0: PME# supported from D0 D3hot D3cold
[    0.290254] pci 0000:00:1f.0: [8086:8c5c] type 00 class 0x060100
[    0.290407] pci 0000:00:1f.2: [8086:8c02] type 00 class 0x010601
[    0.290419] pci 0000:00:1f.2: reg 0x10: [io  0xf0b0-0xf0b7]
[    0.290426] pci 0000:00:1f.2: reg 0x14: [io  0xf0a0-0xf0a3]
[    0.290433] pci 0000:00:1f.2: reg 0x18: [io  0xf090-0xf097]
[    0.290440] pci 0000:00:1f.2: reg 0x1c: [io  0xf080-0xf083]
[    0.290447] pci 0000:00:1f.2: reg 0x20: [io  0xf060-0xf07f]
[    0.290454] pci 0000:00:1f.2: reg 0x24: [mem 0xf7a16000-0xf7a167ff]
[    0.290484] pci 0000:00:1f.2: PME# supported from D3hot
[    0.290540] pci 0000:00:1f.3: [8086:8c22] type 00 class 0x0c0500
[    0.290555] pci 0000:00:1f.3: reg 0x10: [mem 0xf7a15000-0xf7a150ff 64bit]
[    0.290573] pci 0000:00:1f.3: reg 0x20: [io  0xf040-0xf05f]
[    0.290655] pci 0000:01:00.0: [10de:1187] type 00 class 0x030000
[    0.290667] pci 0000:01:00.0: reg 0x10: [mem 0xf6000000-0xf6ffffff]
[    0.290677] pci 0000:01:00.0: reg 0x14: [mem 0xe0000000-0xe7ffffff 64bit pref]
[    0.290687] pci 0000:01:00.0: reg 0x1c: [mem 0xe8000000-0xe9ffffff 64bit pref]
[    0.290695] pci 0000:01:00.0: reg 0x24: [io  0xe000-0xe07f]
[    0.290701] pci 0000:01:00.0: reg 0x30: [mem 0xf7000000-0xf707ffff pref]
[    0.290717] pci 0000:01:00.0: BAR 3: assigned to efifb
[    0.290721] pci 0000:01:00.0: Video device with shadowed ROM at [mem 0x000c0000-0x000dffff]
[    0.290779] pci 0000:01:00.0: 32.000 Gb/s available PCIe bandwidth, limited by 2.5 GT/s PCIe x16 link at 0000:00:01.0 (capable of 126.016 Gb/s with 8.0 GT/s PCIe x16 link)
[    0.290840] pci 0000:01:00.1: [10de:0e0a] type 00 class 0x040300
[    0.290852] pci 0000:01:00.1: reg 0x10: [mem 0xf7080000-0xf7083fff]
[    0.290962] pci 0000:00:01.0: PCI bridge to [bus 01]
[    0.290965] pci 0000:00:01.0:   bridge window [io  0xe000-0xefff]
[    0.290968] pci 0000:00:01.0:   bridge window [mem 0xf6000000-0xf70fffff]
[    0.290971] pci 0000:00:01.0:   bridge window [mem 0xe0000000-0xe9ffffff 64bit pref]
[    0.291018] acpiphp: Slot [1] registered
[    0.291022] pci 0000:00:1c.0: PCI bridge to [bus 02]
[    0.291139] pci 0000:03:00.0: [1912:0014] type 00 class 0x0c0330
[    0.291173] pci 0000:03:00.0: reg 0x10: [mem 0xf7900000-0xf7901fff 64bit]
[    0.291343] pci 0000:03:00.0: PME# supported from D0 D3hot D3cold
[    0.291551] pci 0000:00:1c.1: PCI bridge to [bus 03]
[    0.291556] pci 0000:00:1c.1:   bridge window [mem 0xf7900000-0xf79fffff]
[    0.291616] pci 0000:04:00.0: [10ec:8168] type 00 class 0x020000
[    0.291636] pci 0000:04:00.0: reg 0x10: [io  0xd000-0xd0ff]
[    0.291668] pci 0000:04:00.0: reg 0x18: [mem 0xf7800000-0xf7800fff 64bit]
[    0.291685] pci 0000:04:00.0: reg 0x20: [mem 0xea100000-0xea103fff 64bit pref]
[    0.291791] pci 0000:04:00.0: supports D1 D2
[    0.291793] pci 0000:04:00.0: PME# supported from D0 D1 D2 D3hot D3cold
[    0.291946] pci 0000:00:1c.2: PCI bridge to [bus 04]
[    0.291950] pci 0000:00:1c.2:   bridge window [io  0xd000-0xdfff]
[    0.291954] pci 0000:00:1c.2:   bridge window [mem 0xf7800000-0xf78fffff]
[    0.291959] pci 0000:00:1c.2:   bridge window [mem 0xea100000-0xea1fffff 64bit pref]
[    0.292567] ACPI: PCI: Interrupt link LNKA configured for IRQ 11
[    0.292599] ACPI: PCI: Interrupt link LNKB configured for IRQ 10
[    0.292630] ACPI: PCI: Interrupt link LNKC configured for IRQ 6
[    0.292660] ACPI: PCI: Interrupt link LNKD configured for IRQ 3
[    0.292689] ACPI: PCI: Interrupt link LNKE configured for IRQ 7
[    0.292719] ACPI: PCI: Interrupt link LNKF configured for IRQ 15
[    0.292749] ACPI: PCI: Interrupt link LNKG configured for IRQ 14
[    0.292781] ACPI: PCI: Interrupt link LNKH configured for IRQ 11
[    0.293102] iommu: Default domain type: Translated 
[    0.293102] iommu: DMA domain TLB invalidation policy: lazy mode 
[    0.293102] SCSI subsystem initialized
[    0.293102] libata version 3.00 loaded.
[    0.293102] ACPI: bus type USB registered
[    0.293102] usbcore: registered new interface driver usbfs
[    0.293102] usbcore: registered new interface driver hub
[    0.293102] usbcore: registered new device driver usb
[    0.293102] pps_core: LinuxPPS API ver. 1 registered
[    0.293102] pps_core: Software ver. 5.3.6 - Copyright 2005-2007 Rodolfo Giometti <giometti@linux.it>
[    0.293102] PTP clock support registered
[    0.293102] EDAC MC: Ver: 3.0.0
[    0.293102] Registered efivars operations
[    0.293102] NetLabel: Initializing
[    0.293102] NetLabel:  domain hash size = 128
[    0.293102] NetLabel:  protocols = UNLABELED CIPSOv4 CALIPSO
[    0.293102] NetLabel:  unlabeled traffic allowed by default
[    0.293102] mctp: management component transport protocol core
[    0.293102] NET: Registered PF_MCTP protocol family
[    0.293102] PCI: Using ACPI for IRQ routing
[    0.293102] PCI: pci_cache_line_size set to 64 bytes
[    0.293163] e820: reserve RAM buffer [mem 0x00058000-0x0005ffff]
[    0.293165] e820: reserve RAM buffer [mem 0x0009f000-0x0009ffff]
[    0.293166] e820: reserve RAM buffer [mem 0xaf6cd018-0xafffffff]
[    0.293167] e820: reserve RAM buffer [mem 0xaf6db018-0xafffffff]
[    0.293168] e820: reserve RAM buffer [mem 0xaf6ec018-0xafffffff]
[    0.293169] e820: reserve RAM buffer [mem 0xaf6fc000-0xafffffff]
[    0.293170] e820: reserve RAM buffer [mem 0xafb96000-0xafffffff]
[    0.293171] e820: reserve RAM buffer [mem 0xc84e1000-0xcbffffff]
[    0.293172] e820: reserve RAM buffer [mem 0xca000000-0xcbffffff]
[    0.293173] e820: reserve RAM buffer [mem 0x42fe00000-0x42fffffff]
[    0.295013] pci 0000:01:00.0: vgaarb: setting as boot VGA device
[    0.295013] pci 0000:01:00.0: vgaarb: bridge control possible
[    0.295013] pci 0000:01:00.0: vgaarb: VGA device added: decodes=io+mem,owns=io+mem,locks=none
[    0.295013] vgaarb: loaded
[    0.295016] hpet0: at MMIO 0xfed00000, IRQs 2, 8, 0, 0, 0, 0, 0, 0
[    0.295020] hpet0: 8 comparators, 64-bit 14.318180 MHz counter
[    0.297044] clocksource: Switched to clocksource tsc-early
[    0.301680] VFS: Disk quotas dquot_6.6.0
[    0.301694] VFS: Dquot-cache hash table entries: 512 (order 0, 4096 bytes)
[    0.301759] pnp: PnP ACPI init
[    0.301841] system 00:00: [mem 0xfed40000-0xfed44fff] has been reserved
[    0.301983] system 00:01: [io  0x0680-0x069f] has been reserved
[    0.301987] system 00:01: [io  0xffff] has been reserved
[    0.301990] system 00:01: [io  0xffff] has been reserved
[    0.301992] system 00:01: [io  0xffff] has been reserved
[    0.301994] system 00:01: [io  0x1c00-0x1cfe] has been reserved
[    0.301996] system 00:01: [io  0x1d00-0x1dfe] has been reserved
[    0.301998] system 00:01: [io  0x1e00-0x1efe] has been reserved
[    0.302001] system 00:01: [io  0x1f00-0x1ffe] has been reserved
[    0.302003] system 00:01: [io  0x1800-0x18fe] has been reserved
[    0.302005] system 00:01: [io  0x164e-0x164f] has been reserved
[    0.302058] system 00:03: [io  0x1854-0x1857] has been reserved
[    0.302137] system 00:04: [io  0x0a00-0x0a1f] has been reserved
[    0.302140] system 00:04: [io  0x0290-0x029f] has been reserved
[    0.302323] pnp 00:05: [dma 0 disabled]
[    0.302411] system 00:06: [io  0x04d0-0x04d1] has been reserved
[    0.302536] pnp 00:07: [dma 0 disabled]
[    0.302843] system 00:08: [mem 0xfed1c000-0xfed1ffff] has been reserved
[    0.302847] system 00:08: [mem 0xfed10000-0xfed17fff] has been reserved
[    0.302850] system 00:08: [mem 0xfed18000-0xfed18fff] has been reserved
[    0.302852] system 00:08: [mem 0xfed19000-0xfed19fff] has been reserved
[    0.302855] system 00:08: [mem 0xf8000000-0xfbffffff] has been reserved
[    0.302857] system 00:08: [mem 0xfed20000-0xfed3ffff] has been reserved
[    0.302860] system 00:08: [mem 0xfed90000-0xfed93fff] has been reserved
[    0.302862] system 00:08: [mem 0xfed45000-0xfed8ffff] has been reserved
[    0.302865] system 00:08: [mem 0xff000000-0xffffffff] has been reserved
[    0.302867] system 00:08: [mem 0xfee00000-0xfeefffff] could not be reserved
[    0.302870] system 00:08: [mem 0xf7fdf000-0xf7fdffff] has been reserved
[    0.302873] system 00:08: [mem 0xf7fe0000-0xf7feffff] has been reserved
[    0.303036] pnp: PnP ACPI: found 9 devices
[    0.308322] clocksource: acpi_pm: mask: 0xffffff max_cycles: 0xffffff, max_idle_ns: 2085701024 ns
[    0.308378] NET: Registered PF_INET protocol family
[    0.308511] IP idents hash table entries: 262144 (order: 9, 2097152 bytes, linear)
[    0.311176] tcp_listen_portaddr_hash hash table entries: 8192 (order: 5, 131072 bytes, linear)
[    0.311199] Table-perturb hash table entries: 65536 (order: 6, 262144 bytes, linear)
[    0.311214] TCP established hash table entries: 131072 (order: 8, 1048576 bytes, linear)
[    0.311316] TCP bind hash table entries: 65536 (order: 9, 2097152 bytes, linear)
[    0.311571] TCP: Hash tables configured (established 131072 bind 65536)
[    0.311634] MPTCP token hash table entries: 16384 (order: 6, 393216 bytes, linear)
[    0.311699] UDP hash table entries: 8192 (order: 6, 262144 bytes, linear)
[    0.311728] UDP-Lite hash table entries: 8192 (order: 6, 262144 bytes, linear)
[    0.311780] NET: Registered PF_UNIX/PF_LOCAL protocol family
[    0.311787] NET: Registered PF_XDP protocol family
[    0.311793] pci 0000:00:1c.0: bridge window [io  0x1000-0x0fff] to [bus 02] add_size 1000
[    0.311797] pci 0000:00:1c.0: bridge window [mem 0x00100000-0x000fffff 64bit pref] to [bus 02] add_size 200000 add_align 100000
[    0.311801] pci 0000:00:1c.0: bridge window [mem 0x00100000-0x000fffff] to [bus 02] add_size 200000 add_align 100000
[    0.311809] pci 0000:00:1c.0: BAR 14: assigned [mem 0xcf200000-0xcf3fffff]
[    0.311816] pci 0000:00:1c.0: BAR 15: assigned [mem 0xcf400000-0xcf5fffff 64bit pref]
[    0.311819] pci 0000:00:1c.0: BAR 13: assigned [io  0x2000-0x2fff]
[    0.311823] pci 0000:00:01.0: PCI bridge to [bus 01]
[    0.311826] pci 0000:00:01.0:   bridge window [io  0xe000-0xefff]
[    0.311829] pci 0000:00:01.0:   bridge window [mem 0xf6000000-0xf70fffff]
[    0.311832] pci 0000:00:01.0:   bridge window [mem 0xe0000000-0xe9ffffff 64bit pref]
[    0.311836] pci 0000:00:1c.0: PCI bridge to [bus 02]
[    0.311839] pci 0000:00:1c.0:   bridge window [io  0x2000-0x2fff]
[    0.311843] pci 0000:00:1c.0:   bridge window [mem 0xcf200000-0xcf3fffff]
[    0.311847] pci 0000:00:1c.0:   bridge window [mem 0xcf400000-0xcf5fffff 64bit pref]
[    0.311853] pci 0000:00:1c.1: PCI bridge to [bus 03]
[    0.311858] pci 0000:00:1c.1:   bridge window [mem 0xf7900000-0xf79fffff]
[    0.311865] pci 0000:00:1c.2: PCI bridge to [bus 04]
[    0.311867] pci 0000:00:1c.2:   bridge window [io  0xd000-0xdfff]
[    0.311872] pci 0000:00:1c.2:   bridge window [mem 0xf7800000-0xf78fffff]
[    0.311876] pci 0000:00:1c.2:   bridge window [mem 0xea100000-0xea1fffff 64bit pref]
[    0.311882] pci_bus 0000:00: resource 4 [io  0x0000-0x0cf7 window]
[    0.311884] pci_bus 0000:00: resource 5 [io  0x0d00-0xffff window]
[    0.311887] pci_bus 0000:00: resource 6 [mem 0x000a0000-0x000bffff window]
[    0.311889] pci_bus 0000:00: resource 7 [mem 0x000d0000-0x000dffff window]
[    0.311891] pci_bus 0000:00: resource 8 [mem 0xcf200000-0xfeafffff window]
[    0.311893] pci_bus 0000:01: resource 0 [io  0xe000-0xefff]
[    0.311895] pci_bus 0000:01: resource 1 [mem 0xf6000000-0xf70fffff]
[    0.311897] pci_bus 0000:01: resource 2 [mem 0xe0000000-0xe9ffffff 64bit pref]
[    0.311900] pci_bus 0000:02: resource 0 [io  0x2000-0x2fff]
[    0.311902] pci_bus 0000:02: resource 1 [mem 0xcf200000-0xcf3fffff]
[    0.311904] pci_bus 0000:02: resource 2 [mem 0xcf400000-0xcf5fffff 64bit pref]
[    0.311906] pci_bus 0000:03: resource 1 [mem 0xf7900000-0xf79fffff]
[    0.311908] pci_bus 0000:04: resource 0 [io  0xd000-0xdfff]
[    0.311910] pci_bus 0000:04: resource 1 [mem 0xf7800000-0xf78fffff]
[    0.311912] pci_bus 0000:04: resource 2 [mem 0xea100000-0xea1fffff 64bit pref]
[    0.331731] pci 0000:00:1a.0: quirk_usb_early_handoff+0x0/0x700 took 19160 usecs
[    0.351744] pci 0000:00:1d.0: quirk_usb_early_handoff+0x0/0x700 took 19526 usecs
[    0.351782] pci 0000:01:00.1: D0 power state depends on 0000:01:00.0
[    0.351980] PCI: CLS 64 bytes, default 64
[    0.351986] PCI-DMA: Using software bounce buffering for IO (SWIOTLB)
[    0.351988] software IO TLB: mapped [mem 0x00000000b5fea000-0x00000000b9fea000] (64MB)
[    0.352015] Trying to unpack rootfs image as initramfs...
[    0.353097] Initialise system trusted keyrings
[    0.353107] Key type blacklist registered
[    0.353144] workingset: timestamp_bits=36 max_order=22 bucket_order=0
[    0.354306] zbud: loaded
[    0.363534] NET: Registered PF_ALG protocol family
[    0.363542] xor: automatically using best checksumming function   avx       
[    0.363545] Key type asymmetric registered
[    0.363547] Asymmetric key parser 'x509' registered
[    0.498942] Freeing initrd memory: 23580K
[    0.500375] alg: self-tests for CTR-KDF (hmac(sha256)) passed
[    0.500396] Block layer SCSI generic (bsg) driver version 0.4 loaded (major 245)
[    0.500423] io scheduler mq-deadline registered
[    0.500425] io scheduler kyber registered
[    0.500452] io scheduler bfq registered
[    0.500603] atomic64_test: passed for x86-64 platform with CX8 and with SSE
[    0.501063] shpchp: Standard Hot Plug PCI Controller Driver version: 0.4
[    0.501328] input: Power Button as /devices/LNXSYSTM:00/LNXSYBUS:00/PNP0C0C:00/input/input0
[    0.501347] ACPI: button: Power Button [PWRB]
[    0.501368] input: Power Button as /devices/LNXSYSTM:00/LNXPWRBN:00/input/input1
[    0.501396] ACPI: button: Power Button [PWRF]
[    0.501804] thermal LNXTHERM:00: registered as thermal_zone0
[    0.501809] ACPI: thermal: Thermal Zone [TZ00] (28 C)
[    0.501945] thermal LNXTHERM:01: registered as thermal_zone1
[    0.501948] ACPI: thermal: Thermal Zone [TZ01] (30 C)
[    0.502117] Serial: 8250/16550 driver, 32 ports, IRQ sharing enabled
[    0.502179] 00:07: ttyS0 at I/O 0x3f8 (irq = 4, base_baud = 115200) is a 16550A
[    0.503347] Non-volatile memory driver v1.3
[    0.503352] Linux agpgart interface v0.103
[    0.503415] ACPI: bus type drm_connector registered
[    0.503878] ahci 0000:00:1f.2: version 3.0
[    0.503986] ahci 0000:00:1f.2: AHCI 0001.0300 32 slots 4 ports 6 Gbps 0x13 impl SATA mode
[    0.503991] ahci 0000:00:1f.2: flags: 64bit ncq pm led clo pio slum part ems 
[    0.522009] scsi host0: ahci
[    0.522245] scsi host1: ahci
[    0.522316] scsi host2: ahci
[    0.522374] scsi host3: ahci
[    0.522433] scsi host4: ahci
[    0.522457] ata1: SATA max UDMA/133 abar m2048@0xf7a16000 port 0xf7a16100 irq 28
[    0.522461] ata2: SATA max UDMA/133 abar m2048@0xf7a16000 port 0xf7a16180 irq 28
[    0.522464] ata3: DUMMY
[    0.522465] ata4: DUMMY
[    0.522467] ata5: SATA max UDMA/133 abar m2048@0xf7a16000 port 0xf7a16300 irq 28
[    0.522703] ehci-pci 0000:00:1a.0: EHCI Host Controller
[    0.522726] ehci-pci 0000:00:1a.0: new USB bus registered, assigned bus number 1
[    0.522736] ehci-pci 0000:00:1a.0: debug port 2
[    0.526654] ehci-pci 0000:00:1a.0: irq 20, io mem 0xf7a18000
[    0.538369] ehci-pci 0000:00:1a.0: USB 2.0 started, EHCI 1.00
[    0.538409] usb usb1: New USB device found, idVendor=1d6b, idProduct=0002, bcdDevice= 6.01
[    0.538413] usb usb1: New USB device strings: Mfr=3, Product=2, SerialNumber=1
[    0.538415] usb usb1: Product: EHCI Host Controller
[    0.538417] usb usb1: Manufacturer: Linux 6.1.12-gentoo-dist ehci_hcd
[    0.538419] usb usb1: SerialNumber: 0000:00:1a.0
[    0.538567] hub 1-0:1.0: USB hub found
[    0.538574] hub 1-0:1.0: 2 ports detected
[    0.538737] ehci-pci 0000:00:1d.0: EHCI Host Controller
[    0.538837] ehci-pci 0000:00:1d.0: new USB bus registered, assigned bus number 2
[    0.538849] ehci-pci 0000:00:1d.0: debug port 2
[    0.542765] ehci-pci 0000:00:1d.0: irq 23, io mem 0xf7a17000
[    0.555033] ehci-pci 0000:00:1d.0: USB 2.0 started, EHCI 1.00
[    0.555074] usb usb2: New USB device found, idVendor=1d6b, idProduct=0002, bcdDevice= 6.01
[    0.555079] usb usb2: New USB device strings: Mfr=3, Product=2, SerialNumber=1
[    0.555081] usb usb2: Product: EHCI Host Controller
[    0.555083] usb usb2: Manufacturer: Linux 6.1.12-gentoo-dist ehci_hcd
[    0.555085] usb usb2: SerialNumber: 0000:00:1d.0
[    0.555246] hub 2-0:1.0: USB hub found
[    0.555253] hub 2-0:1.0: 2 ports detected
[    0.555450] xhci_hcd 0000:00:14.0: xHCI Host Controller
[    0.555553] xhci_hcd 0000:00:14.0: new USB bus registered, assigned bus number 3
[    0.556604] xhci_hcd 0000:00:14.0: hcc params 0x200077c1 hci version 0x100 quirks 0x0000000000009810
[    0.556722] xhci_hcd 0000:00:14.0: xHCI Host Controller
[    0.556820] xhci_hcd 0000:00:14.0: new USB bus registered, assigned bus number 4
[    0.556825] xhci_hcd 0000:00:14.0: Host supports USB 3.0 SuperSpeed
[    0.556850] usb usb3: New USB device found, idVendor=1d6b, idProduct=0002, bcdDevice= 6.01
[    0.556853] usb usb3: New USB device strings: Mfr=3, Product=2, SerialNumber=1
[    0.556855] usb usb3: Product: xHCI Host Controller
[    0.556857] usb usb3: Manufacturer: Linux 6.1.12-gentoo-dist xhci-hcd
[    0.556859] usb usb3: SerialNumber: 0000:00:14.0
[    0.557024] hub 3-0:1.0: USB hub found
[    0.557037] hub 3-0:1.0: 10 ports detected
[    0.558383] usb usb4: New USB device found, idVendor=1d6b, idProduct=0003, bcdDevice= 6.01
[    0.558387] usb usb4: New USB device strings: Mfr=3, Product=2, SerialNumber=1
[    0.558390] usb usb4: Product: xHCI Host Controller
[    0.558392] usb usb4: Manufacturer: Linux 6.1.12-gentoo-dist xhci-hcd
[    0.558394] usb usb4: SerialNumber: 0000:00:14.0
[    0.558532] hub 4-0:1.0: USB hub found
[    0.558540] hub 4-0:1.0: 2 ports detected
[    0.558773] Loading firmware: renesas_usb_fw.mem
[    0.558793] xhci_hcd 0000:03:00.0: failed to load firmware renesas_usb_fw.mem, fallback to ROM
[    0.558842] xhci_hcd 0000:03:00.0: xHCI Host Controller
[    0.558942] xhci_hcd 0000:03:00.0: new USB bus registered, assigned bus number 5
[    0.670046] xhci_hcd 0000:03:00.0: hcc params 0x014051c7 hci version 0x100 quirks 0x0000001100000410
[    0.670326] xhci_hcd 0000:03:00.0: xHCI Host Controller
[    0.670356] xhci_hcd 0000:03:00.0: new USB bus registered, assigned bus number 6
[    0.670360] xhci_hcd 0000:03:00.0: Host supports USB 3.0 SuperSpeed
[    0.673610] usb usb5: New USB device found, idVendor=1d6b, idProduct=0002, bcdDevice= 6.01
[    0.673613] usb usb5: New USB device strings: Mfr=3, Product=2, SerialNumber=1
[    0.673616] usb usb5: Product: xHCI Host Controller
[    0.673618] usb usb5: Manufacturer: Linux 6.1.12-gentoo-dist xhci-hcd
[    0.673620] usb usb5: SerialNumber: 0000:03:00.0
[    0.673711] hub 5-0:1.0: USB hub found
[    0.673725] hub 5-0:1.0: 4 ports detected
[    0.673820] usb usb6: We don't know the algorithms for LPM for this host, disabling LPM.
[    0.673834] usb usb6: New USB device found, idVendor=1d6b, idProduct=0003, bcdDevice= 6.01
[    0.673837] usb usb6: New USB device strings: Mfr=3, Product=2, SerialNumber=1
[    0.673839] usb usb6: Product: xHCI Host Controller
[    0.673841] usb usb6: Manufacturer: Linux 6.1.12-gentoo-dist xhci-hcd
[    0.673843] usb usb6: SerialNumber: 0000:03:00.0
[    0.673973] hub 6-0:1.0: USB hub found
[    0.674035] hub 6-0:1.0: 4 ports detected
[    0.674161] usbcore: registered new interface driver usbserial_generic
[    0.674166] usbserial: USB Serial support registered for generic
[    0.674189] i8042: PNP: No PS/2 controller found.
[    0.674273] mousedev: PS/2 mouse device common for all mice
[    0.674510] rtc_cmos 00:02: RTC can wake from S4
[    0.674716] rtc_cmos 00:02: registered as rtc0
[    0.674746] rtc_cmos 00:02: setting system clock to 2023-03-06T16:47:08 UTC (1678121228)
[    0.674764] rtc_cmos 00:02: alarms up to one month, y3k, 242 bytes nvram
[    0.674833] device-mapper: core: CONFIG_IMA_DISABLE_HTABLE is disabled. Duplicate IMA measurements will not be recorded in the IMA log.
[    0.674848] device-mapper: uevent: version 1.0.3
[    0.674895] device-mapper: ioctl: 4.47.0-ioctl (2022-07-28) initialised: dm-devel@redhat.com
[    0.674943] intel_pstate: Intel P-state driver initializing
[    0.675240] efifb: probing for efifb
[    0.675254] efifb: No BGRT, not showing boot graphics
[    0.675256] efifb: framebuffer at 0xe9000000, using 3072k, total 3072k
[    0.675258] efifb: mode is 1024x768x32, linelength=4096, pages=1
[    0.675260] efifb: scrolling: redraw
[    0.675261] efifb: Truecolor: size=8:8:8:8, shift=24:16:8:0
[    0.675317] Console: switching to colour frame buffer device 128x48
[    0.676401] fb0: EFI VGA frame buffer device
[    0.676433] hid: raw HID events driver (C) Jiri Kosina
[    0.676467] usbcore: registered new interface driver usbhid
[    0.676480] usbhid: USB HID core driver
[    0.676573] drop_monitor: Initializing network drop monitor service
[    0.676641] Initializing XFRM netlink socket
[    0.676714] NET: Registered PF_INET6 protocol family
[    0.678328] Segment Routing with IPv6
[    0.678345] RPL Segment Routing with IPv6
[    0.678361] In-situ OAM (IOAM) with IPv6
[    0.678387] mip6: Mobile IPv6
[    0.678397] NET: Registered PF_PACKET protocol family
[    0.678586] microcode: sig=0x306c3, pf=0x2, revision=0x19
[    0.678610] microcode: Microcode Update Driver: v2.2.
[    0.678614] IPI shorthand broadcast: enabled
[    0.678641] AVX2 version of gcm_enc/dec engaged.
[    0.678687] AES CTR mode by8 optimization enabled
[    0.678901] sched_clock: Marking stable (678393078, 490522)->(696338234, -17454634)
[    0.678979] registered taskstats version 1
[    0.679040] Loading compiled-in X.509 certificates
[    0.679119] zswap: loaded using pool lzo/zbud
[    0.679205] Key type .fscrypt registered
[    0.679216] Key type fscrypt-provisioning registered
[    0.679884] Btrfs loaded, crc32c=crc32c-generic, zoned=yes, fsverity=yes
[    0.680323] Key type big_key registered
[    0.682134] Key type encrypted registered
[    0.682563] ima: No TPM chip found, activating TPM-bypass!
[    0.682988] ima: Allocated hash algorithm: sha256
[    0.683417] ima: No architecture policies found
[    0.683839] evm: Initialising EVM extended attributes:
[    0.684258] evm: security.selinux
[    0.684675] evm: security.SMACK64 (disabled)
[    0.685096] evm: security.SMACK64EXEC (disabled)
[    0.685503] evm: security.SMACK64TRANSMUTE (disabled)
[    0.685903] evm: security.SMACK64MMAP (disabled)
[    0.686294] evm: security.apparmor
[    0.686674] evm: security.ima
[    0.687045] evm: security.capability
[    0.687412] evm: HMAC attrs: 0x1
[    0.688978] PM:   Magic number: 15:364:792
[    0.689442] RAS: Correctable Errors collector initialized.
[    0.788368] usb 1-1: new high-speed USB device number 2 using ehci-pci
[    0.835146] ata2: SATA link up 6.0 Gbps (SStatus 133 SControl 300)
[    0.836506] ata1: SATA link up 1.5 Gbps (SStatus 113 SControl 300)
[    0.837357] ata5: SATA link up 3.0 Gbps (SStatus 123 SControl 300)
[    0.838899] ACPI BIOS Error (bug): Could not resolve symbol [\_SB.PCI0.SAT0.SPT4._GTF.DSSP], AE_NOT_FOUND (20220331/psargs-330)
[    0.841366] ACPI Error: Aborting method \_SB.PCI0.SAT0.SPT4._GTF due to previous error (AE_NOT_FOUND) (20220331/psparse-529)
[    0.842713] ata2.00: ATA-9: WDC WD30EZRX-00SPEB0, 80.00A80, max UDMA/133
[    0.844210] ata1.00: ATAPI: ASUS    BW-16D1HT, 3.00, max UDMA/133
[    0.845051] ata5.00: ATA-9: OCZ-TRION100, SAFM11.2, max UDMA/133
[    0.846443] ata5.00: 468862128 sectors, multi 16: LBA48 NCQ (depth 32), AA
[    0.847708] ata2.00: 5860533168 sectors, multi 16: LBA48 NCQ (depth 32), AA
[    0.848827] ata5.00: Features: Dev-Sleep
[    0.850330] ACPI BIOS Error (bug): Could not resolve symbol [\_SB.PCI0.SAT0.SPT4._GTF.DSSP], AE_NOT_FOUND (20220331/psargs-330)
[    0.853142] ACPI Error: Aborting method \_SB.PCI0.SAT0.SPT4._GTF due to previous error (AE_NOT_FOUND) (20220331/psparse-529)
[    0.854824] ata1.00: configured for UDMA/133
[    0.855801] ata2.00: configured for UDMA/133
[    0.857432] ata5.00: configured for UDMA/133
[    0.859896] scsi 0:0:0:0: CD-ROM            ASUS     BW-16D1HT        3.00 PQ: 0 ANSI: 5
[    0.898378] usb 3-1: new high-speed USB device number 2 using xhci_hcd
[    0.898926] usb 2-1: new high-speed USB device number 2 using ehci-pci
[    0.932530] sr 0:0:0:0: [sr0] scsi3-mmc drive: 48x/48x writer dvd-ram cd/rw xa/form2 cdda tray
[    0.933473] cdrom: Uniform CD-ROM driver Revision: 3.20
[    0.935470] usb 1-1: New USB device found, idVendor=8087, idProduct=8008, bcdDevice= 0.05
[    0.936181] usb 1-1: New USB device strings: Mfr=0, Product=0, SerialNumber=0
[    0.937357] hub 1-1:1.0: USB hub found
[    0.938712] hub 1-1:1.0: 4 ports detected
[    0.967268] sr 0:0:0:0: Attached scsi CD-ROM sr0
[    0.967413] sr 0:0:0:0: Attached scsi generic sg0 type 5
[    0.969119] scsi 1:0:0:0: Direct-Access     ATA      WDC WD30EZRX-00S 0A80 PQ: 0 ANSI: 5
[    0.969787] sd 1:0:0:0: Attached scsi generic sg1 type 0
[    0.969851] sd 1:0:0:0: [sda] 5860533168 512-byte logical blocks: (3.00 TB/2.73 TiB)
[    0.970385] scsi 4:0:0:0: Direct-Access     ATA      OCZ-TRION100     11.2 PQ: 0 ANSI: 5
[    0.970751] sd 1:0:0:0: [sda] 4096-byte physical blocks
[    0.971408] sd 4:0:0:0: Attached scsi generic sg2 type 0
[    0.971461] sd 4:0:0:0: [sdb] 468862128 512-byte logical blocks: (240 GB/224 GiB)
[    0.971481] sd 4:0:0:0: [sdb] Write Protect is off
[    0.971483] sd 4:0:0:0: [sdb] Mode Sense: 00 3a 00 00
[    0.971499] sd 4:0:0:0: [sdb] Write cache: enabled, read cache: enabled, doesn't support DPO or FUA
[    0.971522] sd 4:0:0:0: [sdb] Preferred minimum I/O size 512 bytes
[    0.971767] sd 1:0:0:0: [sda] Write Protect is off
[    0.974743] sd 1:0:0:0: [sda] Mode Sense: 00 3a 00 00
[    0.974754] sd 1:0:0:0: [sda] Write cache: enabled, read cache: enabled, doesn't support DPO or FUA
[    0.975288] sd 1:0:0:0: [sda] Preferred minimum I/O size 4096 bytes
[    0.997202]  sdb: sdb1 sdb2 sdb3
[    0.998071] sd 4:0:0:0: [sdb] Attached SCSI disk
[    1.005863] usb 6-1: new SuperSpeed USB device number 2 using xhci_hcd
[    1.018184] sd 1:0:0:0: [sda] Attached SCSI disk
[    1.019995] Freeing unused decrypted memory: 2036K
[    1.021079] Freeing unused kernel image (initmem) memory: 2748K
[    1.021757] Write protecting the kernel read-only data: 24576k
[    1.022861] Freeing unused kernel image (text/rodata gap) memory: 2036K
[    1.023480] usb 6-1: LPM exit latency is zeroed, disabling LPM.
[    1.024275] Freeing unused kernel image (rodata/data gap) memory: 696K
[    1.026347] usb 6-1: New USB device found, idVendor=04c5, idProduct=2028, bcdDevice= 0.01
[    1.026951] usb 6-1: New USB device strings: Mfr=1, Product=2, SerialNumber=3
[    1.027539] usb 6-1: Product: iodd2531
[    1.028103] usb 6-1: Manufacturer: iODD
[    1.028673] usb 6-1: SerialNumber: ______XX00000001
[    1.043583] usb 3-1: New USB device found, idVendor=2109, idProduct=2812, bcdDevice= d.a0
[    1.044538] usb 3-1: New USB device strings: Mfr=1, Product=2, SerialNumber=0
[    1.045489] usb 3-1: Product: USB2.0 Hub             
[    1.046423] usb 3-1: Manufacturer: VIA Labs, Inc.         
[    1.048242] hub 3-1:1.0: USB hub found
[    1.049338] hub 3-1:1.0: 4 ports detected
[    1.050307] usb 2-1: New USB device found, idVendor=8087, idProduct=8000, bcdDevice= 0.05
[    1.051170] usb 2-1: New USB device strings: Mfr=0, Product=0, SerialNumber=0
[    1.052392] hub 2-1:1.0: USB hub found
[    1.053578] hub 2-1:1.0: 6 ports detected
[    1.095423] x86/mm: Checked W+X mappings: passed, no W+X pages found.
[    1.095907] x86/mm: Checking user space page tables
[    1.139400] x86/mm: Checked W+X mappings: passed, no W+X pages found.
[    1.139901] Run /init as init process
[    1.140362]   with arguments:
[    1.140363]     /init
[    1.140363]   with environment:
[    1.140364]     HOME=/
[    1.140365]     TERM=linux
[    1.150737] systemd[1]: systemd 252 running in system mode (+PAM -AUDIT -SELINUX -APPARMOR +IMA +SMACK +SECCOMP +GCRYPT -GNUTLS +OPENSSL +ACL +BLKID -CURL -ELFUTILS -FIDO2 +IDN2 -IDN -IPTC +KMOD -LIBCRYPTSETUP +LIBFDISK +PCRE2 -PWQUALITY -P11KIT -QRENCODE -TPM2 -BZIP2 +LZ4 -XZ -ZLIB +ZSTD -BPF_FRAMEWORK -XKBCOMMON +UTMP +SYSVINIT default-hierarchy=unified)
[    1.152232] systemd[1]: Detected architecture x86-64.
[    1.152738] systemd[1]: Running in initrd.
[    1.154795] systemd[1]: Initializing machine ID from random generator.
[    1.195209] usb 4-1: new SuperSpeed USB device number 2 using xhci_hcd
[    1.224980] systemd[1]: Queued start job for default target initrd.target.
[    1.225618] systemd[1]: Started systemd-ask-password-console.path.
[    1.226696] systemd[1]: Reached target initrd-usr-fs.target.
[    1.227725] systemd[1]: Reached target local-fs.target.
[    1.228762] systemd[1]: Reached target paths.target.
[    1.229785] systemd[1]: Reached target slices.target.
[    1.230805] systemd[1]: Reached target swap.target.
[    1.231862] systemd[1]: Reached target timers.target.
[    1.232991] systemd[1]: Listening on systemd-journald-audit.socket.
[    1.234089] systemd[1]: Listening on systemd-journald-dev-log.socket.
[    1.235199] systemd[1]: Listening on systemd-journald.socket.
[    1.236305] systemd[1]: Listening on systemd-udevd-control.socket.
[    1.237415] systemd[1]: Listening on systemd-udevd-kernel.socket.
[    1.238500] systemd[1]: Reached target sockets.target.
[    1.272332] systemd[1]: Starting kmod-static-nodes.service...
[    1.274413] systemd[1]: Starting systemd-journald.service...
[    1.275618] systemd[1]: systemd-modules-load.service was skipped because no trigger condition checks were met.
[    1.276703] systemd[1]: Starting systemd-sysctl.service...
[    1.278599] systemd[1]: Starting systemd-vconsole-setup.service...
[    1.281257] systemd[1]: Finished kmod-static-nodes.service.
[    1.282683] systemd[1]: Finished systemd-sysctl.service.
[    1.284418] systemd[1]: Starting systemd-tmpfiles-setup-dev.service...
[    1.288743] systemd[1]: Finished systemd-tmpfiles-setup-dev.service.
[    1.290363] systemd[1]: Finished systemd-vconsole-setup.service.
[    1.292131] systemd[1]: Starting dracut-cmdline-ask.service...
[    1.311559] systemd[1]: Finished dracut-cmdline-ask.service.
[    1.313792] systemd[1]: Starting dracut-cmdline.service...
[    1.315952] systemd[1]: Started systemd-journald.service.
[    1.355035] tsc: Refined TSC clocksource calibration: 3192.606 MHz
[    1.355578] clocksource: tsc: mask: 0xffffffffffffffff max_cycles: 0x2e050166e04, max_idle_ns: 440795273449 ns
[    1.356150] clocksource: Switched to clocksource tsc
[    1.447071] usb 4-1: New USB device found, idVendor=2109, idProduct=0812, bcdDevice= d.a1
[    1.447684] usb 4-1: New USB device strings: Mfr=1, Product=2, SerialNumber=0
[    1.448282] usb 4-1: Product: USB3.0 Hub             
[    1.448870] usb 4-1: Manufacturer: VIA Labs, Inc.         
[    1.459189] hub 4-1:1.0: USB hub found
[    1.459770] hub 4-1:1.0: 4 ports detected
[    1.498602] ACPI: video: Video Device [GFX0] (multi-head: yes  rom: no  post: no)
[    1.509576] input: Video Bus as /devices/LNXSYSTM:00/LNXSYBUS:00/PNP0A08:00/LNXVIDEO:00/input/input2
[    1.524667] usb-storage 6-1:1.0: USB Mass Storage device detected
[    1.525399] usb-storage 6-1:1.0: Quirks match for vid 04c5 pid 2028: 80
[    1.525943] scsi host5: usb-storage 6-1:1.0
[    1.526486] usbcore: registered new interface driver usb-storage
[    1.527656] usbcore: registered new interface driver uas
[    1.572503] EXT4-fs (sdb3): mounted filesystem with ordered data mode. Quota mode: none.
[    1.578355] usb 3-1.2: new low-speed USB device number 3 using xhci_hcd
[    1.726754] usb 3-1.2: New USB device found, idVendor=045e, idProduct=0040, bcdDevice= 3.00
[    1.727134] usb 3-1.2: New USB device strings: Mfr=1, Product=3, SerialNumber=0
[    1.727510] usb 3-1.2: Product: Microsoft 3-Button Mouse with IntelliEye(TM)
[    1.727892] usb 3-1.2: Manufacturer: Microsoft
[    1.733073] input: Microsoft Microsoft 3-Button Mouse with IntelliEye(TM) as /devices/pci0000:00/0000:00:14.0/usb3/3-1/3-1.2/3-1.2:1.0/0003:045E:0040.0001/input/input3
[    1.734090] hid-generic 0003:045E:0040.0001: input,hidraw0: USB HID v1.10 Mouse [Microsoft Microsoft 3-Button Mouse with IntelliEye(TM)] on usb-0000:00:14.0-1.2/input0
[    1.818370] usb 3-1.4: new full-speed USB device number 4 using xhci_hcd
[    1.920417] usb 3-1.4: New USB device found, idVendor=24f0, idProduct=0140, bcdDevice= 1.00
[    1.921466] usb 3-1.4: New USB device strings: Mfr=1, Product=2, SerialNumber=0
[    1.922499] usb 3-1.4: Product: Das Keyboard
[    1.923513] usb 3-1.4: Manufacturer: Metadot - Das Keyboard
[    1.931019] input: Metadot - Das Keyboard Das Keyboard as /devices/pci0000:00/0000:00:14.0/usb3/3-1/3-1.4/3-1.4:1.0/0003:24F0:0140.0002/input/input4
[    1.988936] hid-generic 0003:24F0:0140.0002: input,hidraw1: USB HID v1.10 Keyboard [Metadot - Das Keyboard Das Keyboard] on usb-0000:00:14.0-1.4/input0
[    1.992859] input: Metadot - Das Keyboard Das Keyboard System Control as /devices/pci0000:00/0000:00:14.0/usb3/3-1/3-1.4/3-1.4:1.1/0003:24F0:0140.0003/input/input5
[    2.052015] input: Metadot - Das Keyboard Das Keyboard Consumer Control as /devices/pci0000:00/0000:00:14.0/usb3/3-1/3-1.4/3-1.4:1.1/0003:24F0:0140.0003/input/input6
[    2.054696] hid-generic 0003:24F0:0140.0003: input,hidraw2: USB HID v1.10 Device [Metadot - Das Keyboard Das Keyboard] on usb-0000:00:14.0-1.4/input1
[    2.163742] systemd-journald[227]: Received SIGTERM from PID 1 (systemd).
[    2.258223] systemd[1]: systemd 252 running in system mode (+PAM -AUDIT -SELINUX -APPARMOR +IMA +SMACK +SECCOMP +GCRYPT -GNUTLS +OPENSSL +ACL +BLKID -CURL -ELFUTILS -FIDO2 +IDN2 -IDN -IPTC +KMOD -LIBCRYPTSETUP +LIBFDISK +PCRE2 -PWQUALITY -P11KIT -QRENCODE -TPM2 -BZIP2 +LZ4 -XZ -ZLIB +ZSTD -BPF_FRAMEWORK -XKBCOMMON +UTMP +SYSVINIT default-hierarchy=unified)
[    2.260013] systemd[1]: Detected architecture x86-64.
[    2.263894] systemd[1]: Hostname set to <ogg>.
[    2.445029] systemd[1]: initrd-switch-root.service: Deactivated successfully.
[    2.445745] systemd[1]: Stopped initrd-switch-root.service.
[    2.447189] systemd[1]: systemd-journald.service: Scheduled restart job, restart counter is at 1.
[    2.448032] systemd[1]: Created slice system-getty.slice.
[    2.449532] systemd[1]: Created slice system-modprobe.slice.
[    2.450936] systemd[1]: Created slice user.slice.
[    2.452190] systemd[1]: Started systemd-ask-password-console.path.
[    2.453422] systemd[1]: Started systemd-ask-password-wall.path.
[    2.454711] systemd[1]: Set up automount proc-sys-fs-binfmt_misc.automount.
[    2.456019] systemd[1]: Stopped target initrd-switch-root.target.
[    2.457200] systemd[1]: Stopped target initrd-fs.target.
[    2.458334] systemd[1]: Stopped target initrd-root-fs.target.
[    2.459444] systemd[1]: Reached target paths.target.
[    2.460494] systemd[1]: Reached target remote-fs.target.
[    2.461514] systemd[1]: Reached target slices.target.
[    2.463572] systemd[1]: Listening on systemd-coredump.socket.
[    2.464678] systemd[1]: Listening on systemd-initctl.socket.
[    2.466113] systemd[1]: Listening on systemd-networkd.socket.
[    2.467298] systemd[1]: Listening on systemd-udevd-control.socket.
[    2.468489] systemd[1]: Listening on systemd-udevd-kernel.socket.
[    2.498453] systemd[1]: Mounting dev-hugepages.mount...
[    2.500119] systemd[1]: Mounting dev-mqueue.mount...
[    2.501948] systemd[1]: Mounting sys-kernel-debug.mount...
[    2.503510] systemd[1]: Mounting sys-kernel-tracing.mount...
[    2.505857] systemd[1]: Starting kmod-static-nodes.service...
[    2.507519] systemd[1]: Starting modprobe@configfs.service...
[    2.509419] systemd[1]: Starting modprobe@drm.service...
[    2.511169] systemd[1]: Starting modprobe@fuse.service...
[    2.512311] systemd[1]: Stopped systemd-journald.service.
[    2.514448] systemd[1]: Starting systemd-journald.service...
[    2.516334] systemd[1]: systemd-modules-load.service was skipped because no trigger condition checks were met.
[    2.517517] systemd[1]: Starting systemd-network-generator.service...
[    2.519331] systemd[1]: Starting systemd-remount-fs.service...
[    2.520586] systemd[1]: systemd-repart.service was skipped because no trigger condition checks were met.
[    2.522111] systemd[1]: Starting systemd-sysctl.service...
[    2.523760] fuse: init (API version 7.37)
[    2.524340] systemd[1]: Starting systemd-udev-trigger.service...
[    2.527493] systemd[1]: Mounted dev-hugepages.mount.
[    2.528859] systemd[1]: Mounted dev-mqueue.mount.
[    2.530066] scsi 5:0:0:0: CD-ROM            iODD      Virtual CD-Rom       PQ: 0 ANSI: 0
[    2.530755] scsi 5:0:0:1: Direct-Access     iODD      External HDD         PQ: 0 ANSI: 6
[    2.530838] systemd[1]: Mounted sys-kernel-debug.mount.
[    2.532005] EXT4-fs (sdb3): re-mounted. Quota mode: none.
[    2.532832] sr 5:0:0:0: [sr1] scsi3-mmc drive: 4x/4x tray
[    2.533305] sr 5:0:0:0: Attached scsi CD-ROM sr1
[    2.533950] sr 5:0:0:0: Attached scsi generic sg3 type 5
[    2.534762] systemd[1]: Mounted sys-kernel-tracing.mount.
[    2.534840] sd 5:0:0:1: Attached scsi generic sg4 type 0
[    2.535693] sd 5:0:0:1: [sdc] 1953525168 512-byte logical blocks: (1.00 TB/932 GiB)
[    2.536763] sd 5:0:0:1: [sdc] Write Protect is off
[    2.536766] sd 5:0:0:1: [sdc] Mode Sense: 23 00 00 08
[    2.536886] sd 5:0:0:1: [sdc] No Caching mode page found
[    2.536888] sd 5:0:0:1: [sdc] Assuming drive cache: write through
[    2.539518] systemd[1]: Finished kmod-static-nodes.service.
[    2.540650] systemd[1]: Started systemd-journald.service.
[    2.593375] systemd-journald[404]: Received client request to flush runtime journal.
[    2.661505]  sdc: sdc1
[    2.662064] sd 5:0:0:1: [sdc] Attached SCSI disk
[    2.781279] cfg80211: Loading compiled-in X.509 certificates for regulatory database
[    2.787065] cfg80211: Loaded X.509 cert 'sforshee: 00b28ddf47aef9cea7'
[    2.787596] Loading firmware: regulatory.db
[    2.790925] platform regulatory.0: Direct firmware load for regulatory.db failed with error -2
[    2.791411] cfg80211: failed to load regulatory.db
[    2.795211] sr 5:0:0:0: [sr1] GET_EVENT and TUR disagree continuously, suppress GET_EVENT events
[    3.002394] parport_pc 00:05: reported by Plug and Play ACPI
[    3.002991] parport0: PC-style at 0x378, irq 5 [PCSPP]
[    3.554341] input: PC Speaker as /devices/platform/pcspkr/input/input7
[    3.735913] Adding 17825788k swap on /dev/sdb2.  Priority:-2 extents:1 across:17825788k SSDscFS
[    3.739157] ACPI Warning: SystemIO range 0x0000000000001828-0x000000000000182F conflicts with OpRegion 0x0000000000001800-0x000000000000187F (\PMIO) (20220331/utaddress-204)
[    3.740696] ACPI: OSL: Resource conflict; ACPI support missing from driver?
[    3.741443] ACPI Warning: SystemIO range 0x0000000000001C40-0x0000000000001C4F conflicts with OpRegion 0x0000000000001C00-0x0000000000001FFF (\GPR) (20220331/utaddress-204)
[    3.742588] ACPI: OSL: Resource conflict; ACPI support missing from driver?
[    3.743002] ppdev: user-space parallel port driver
[    3.743559] ACPI Warning: SystemIO range 0x0000000000001C30-0x0000000000001C3F conflicts with OpRegion 0x0000000000001C00-0x0000000000001C3F (\GPRL) (20220331/utaddress-204)
[    3.745253] ACPI Warning: SystemIO range 0x0000000000001C30-0x0000000000001C3F conflicts with OpRegion 0x0000000000001C00-0x0000000000001FFF (\GPR) (20220331/utaddress-204)
[    3.746503] ACPI: OSL: Resource conflict; ACPI support missing from driver?
[    3.750156] ACPI Warning: SystemIO range 0x0000000000001C00-0x0000000000001C2F conflicts with OpRegion 0x0000000000001C00-0x0000000000001C3F (\GPRL) (20220331/utaddress-204)
[    3.752269] ACPI Warning: SystemIO range 0x0000000000001C00-0x0000000000001C2F conflicts with OpRegion 0x0000000000001C00-0x0000000000001FFF (\GPR) (20220331/utaddress-204)
[    3.753670] ACPI: OSL: Resource conflict; ACPI support missing from driver?
[    3.754395] lpc_ich: Resource conflict(s) found affecting gpio_ich
[    3.755656] r8169 0000:04:00.0: can't disable ASPM; OS doesn't have ASPM control
[    3.758286] asus_wmi: ASUS WMI generic driver loaded
[    3.761656] iTCO_vendor_support: vendor-support=0
[    3.761795] i801_smbus 0000:00:1f.3: SMBus using PCI interrupt
[    3.763737] i2c i2c-0: 2/2 memory slots populated (from DMI)
[    3.764756] i2c i2c-0: Successfully instantiated SPD at 0x50
[    3.764893] asus_wmi: Initialization: 0x0
[    3.766592] asus_wmi: BIOS WMI version: 0.9
[    3.767633] asus_wmi: SFUN value: 0x0
[    3.768358] eeepc-wmi eeepc-wmi: Detected ASUSWMI, use DCTS
[    3.769225] RAPL PMU: API unit is 2^-32 Joules, 4 fixed counters, 655360 ms ovfl timer
[    3.769965] RAPL PMU: hw unit of domain pp0-core 2^-14 Joules
[    3.770477] input: Eee PC WMI hotkeys as /devices/platform/eeepc-wmi/input/input8
[    3.770689] RAPL PMU: hw unit of domain package 2^-14 Joules
[    3.772195] RAPL PMU: hw unit of domain dram 2^-14 Joules
[    3.772921] RAPL PMU: hw unit of domain pp1-gpu 2^-14 Joules
[    3.774672] iTCO_wdt iTCO_wdt.1.auto: Found a Lynx Point TCO device (Version=2, TCOBASE=0x1860)
[    3.774920] r8169 0000:04:00.0 eth0: RTL8168g/8111g, ac:9e:17:82:d7:fb, XID 4c0, IRQ 36
[    3.776136] r8169 0000:04:00.0 eth0: jumbo features [frames: 9194 bytes, tx checksumming: ko]
[    3.777232] iTCO_wdt iTCO_wdt.1.auto: initialized. heartbeat=30 sec (nowayout=0)
[    3.783365] at24 0-0050: supply vcc not found, using dummy regulator
[    3.786723] at24 0-0050: 256 byte spd EEPROM, read-only
[    3.798436] r8169 0000:04:00.0 enp4s0: renamed from eth0
[    3.837110] snd_hda_intel 0000:00:1b.0: enabling device (0000 -> 0002)
[    3.837994] snd_hda_intel 0000:01:00.1: Disabling MSI
[    3.838655] snd_hda_intel 0000:01:00.1: Handle vga_switcheroo audio client
[    3.845847] Loading firmware: rtl_nic/rtl8168g-2.fw
[    3.882709] input: HDA NVidia HDMI/DP,pcm=3 as /devices/pci0000:00/0000:00:01.0/0000:01:00.1/sound/card1/input9
[    3.883413] input: HDA NVidia HDMI/DP,pcm=7 as /devices/pci0000:00/0000:00:01.0/0000:01:00.1/sound/card1/input10
[    3.884101] input: HDA NVidia HDMI/DP,pcm=8 as /devices/pci0000:00/0000:00:01.0/0000:01:00.1/sound/card1/input11
[    3.884749] input: HDA NVidia HDMI/DP,pcm=9 as /devices/pci0000:00/0000:00:01.0/0000:01:00.1/sound/card1/input12
[    3.902433] Generic FE-GE Realtek PHY r8169-0-400:00: attached PHY driver (mii_bus:phy_addr=r8169-0-400:00, irq=MAC)
[    3.905609] snd_hda_codec_realtek hdaudioC0D0: autoconfig for ALC887-VD: line_outs=1 (0x14/0x0/0x0/0x0/0x0) type:line
[    3.906214] snd_hda_codec_realtek hdaudioC0D0:    speaker_outs=0 (0x0/0x0/0x0/0x0/0x0)
[    3.906792] snd_hda_codec_realtek hdaudioC0D0:    hp_outs=1 (0x1b/0x0/0x0/0x0/0x0)
[    3.907355] snd_hda_codec_realtek hdaudioC0D0:    mono: mono_out=0x0
[    3.907910] snd_hda_codec_realtek hdaudioC0D0:    inputs:
[    3.908502] snd_hda_codec_realtek hdaudioC0D0:      Front Mic=0x19
[    3.909038] snd_hda_codec_realtek hdaudioC0D0:      Rear Mic=0x18
[    3.909568] snd_hda_codec_realtek hdaudioC0D0:      Line=0x1a
[    4.009844] input: HDA Intel PCH Front Mic as /devices/pci0000:00/0000:00:1b.0/sound/card0/input13
[    4.010471] input: HDA Intel PCH Rear Mic as /devices/pci0000:00/0000:00:1b.0/sound/card0/input14
[    4.011081] input: HDA Intel PCH Line as /devices/pci0000:00/0000:00:1b.0/sound/card0/input15
[    4.011725] input: HDA Intel PCH Line Out as /devices/pci0000:00/0000:00:1b.0/sound/card0/input16
[    4.014898] input: HDA Intel PCH Front Headphone as /devices/pci0000:00/0000:00:1b.0/sound/card0/input17
[    4.015406] i915 0000:00:02.0: enabling device (0006 -> 0007)
[    4.016164] i915 0000:00:02.0: [drm] PipeC fused off
[    4.017299] Console: switching to colour dummy device 80x25
[    4.078425] [drm] Initialized i915 1.6.0 20201103 for 0000:00:02.0 on minor 0
[    4.078737] nouveau 0000:01:00.0: vgaarb: deactivate vga console
[    4.078799] nouveau 0000:01:00.0: NVIDIA GK104 (0e4070a2)
[    4.091897] i915 0000:00:02.0: [drm] Cannot find any crtc or sizes
[    4.095495] i915 0000:00:02.0: [drm] Cannot find any crtc or sizes
[    4.099030] i915 0000:00:02.0: [drm] Cannot find any crtc or sizes
[    4.115794] r8169 0000:04:00.0 enp4s0: Link is Down
[    4.140325] nouveau 0000:01:00.0: bios: version 80.04.bf.00.0a
[    4.141773] intel_rapl_common: Found RAPL domain package
[    4.141779] intel_rapl_common: Found RAPL domain core
[    4.141782] intel_rapl_common: Found RAPL domain uncore
[    4.141785] intel_rapl_common: Found RAPL domain dram
[    4.141904] nouveau 0000:01:00.0: fb: 2048 MiB GDDR5
[    4.209637] nouveau 0000:01:00.0: DRM: VRAM: 2048 MiB
[    4.209642] nouveau 0000:01:00.0: DRM: GART: 1048576 MiB
[    4.209645] nouveau 0000:01:00.0: DRM: TMDS table version 2.0
[    4.209648] nouveau 0000:01:00.0: DRM: DCB version 4.0
[    4.209650] nouveau 0000:01:00.0: DRM: DCB outp 00: 01000f02 00020030
[    4.209652] nouveau 0000:01:00.0: DRM: DCB outp 01: 02000f00 00000000
[    4.209655] nouveau 0000:01:00.0: DRM: DCB outp 02: 08011f82 00020030
[    4.209657] nouveau 0000:01:00.0: DRM: DCB outp 03: 02822f62 0f420010
[    4.209659] nouveau 0000:01:00.0: DRM: DCB outp 05: 04833fb6 0f420010
[    4.209661] nouveau 0000:01:00.0: DRM: DCB outp 06: 04033f72 00020010
[    4.209663] nouveau 0000:01:00.0: DRM: DCB conn 00: 00001030
[    4.209665] nouveau 0000:01:00.0: DRM: DCB conn 01: 01000131
[    4.209667] nouveau 0000:01:00.0: DRM: DCB conn 02: 00010261
[    4.209669] nouveau 0000:01:00.0: DRM: DCB conn 03: 00020346
[    4.209670] nouveau 0000:01:00.0: DRM: DCB conn 04: 00000460
[    4.211274] nouveau 0000:01:00.0: DRM: MM: using COPY for buffer copies
[    4.218233] snd_hda_intel 0000:01:00.1: bound 0000:01:00.0 (ops disp50xx_modifiers [nouveau])
[    4.348815] nouveau 0000:01:00.0: DRM: allocated 1680x1050 fb: 0xa0000, bo 000000000f55f731
[    4.351728] fbcon: nouveaudrmfb (fb0) is primary device
[    4.485394] Console: switching to colour frame buffer device 210x65
[    4.575605] nouveau 0000:01:00.0: [drm] fb0: nouveaudrmfb frame buffer device
[    4.598680] [drm] Initialized nouveau 1.3.1 20120801 for 0000:01:00.0 on minor 1
[    7.122221] r8169 0000:04:00.0 enp4s0: Link is Up - 1Gbps/Full - flow control rx/tx
[    7.122265] IPv6: ADDRCONF(NETDEV_CHANGE): enp4s0: link becomes ready
[11360.853177] readonly.exe[1601792]: segfault at 55f7d8e8b008 ip 000055f7d8e8a130 sp 00007ffc819e4f10 error 6 in readonly.exe[55f7d8e8a000+1000] likely on CPU 2 (core 0, socket 0)
[11360.853729] Code: ff ff c6 05 01 2f 00 00 01 5d c3 0f 1f 80 00 00 00 00 c3 0f 1f 80 00 00 00 00 e9 7b ff ff ff 55 48 89 e5 48 8d 05 d8 0e 00 00 <c6> 00 00 b8 01 00 00 00 0f be c0 5d c3 00 00 00 48 83 ec 08 48 83
